2026-09-14T08:51:33Z INF Thank you for trying Cloudflare Tunnel. Doing so, without a Cloudflare account, is a quick way to experiment and try it out. However, be aware that these account-less Tunnels have no uptime guarantee, are subject to the Cloudflare Online Services Terms of Use (https://www.cloudflare.com/website-terms/), and Cloudflare reserves the right to investigate your use of Tunnels for violations of such terms. If you intend to use Tunnels in production you should use a pre-created named tunnel by following: https://developers.cloudflare.com/cloudflare-one/connections/connect-apps
2026-09-14T08:51:33Z INF Requesting new quick Tunnel on trycloudflare.com...
2026-09-14T08:51:39Z INF +--------------------------------------------------------------------------------------------+
2026-09-14T08:51:39Z INF |  Your quick Tunnel has been created! Visit it at (it may take some time to be reachable):  |
2026-09-14T08:51:39Z INF |  https://solar-lucky-codes-mounted.trycloudflare.com                                       |
2026-09-14T08:51:39Z INF +--------------------------------------------------------------------------------------------+
2026-09-14T08:51:39Z INF Cannot determine default configuration path. No file [config.yml config.yaml] in [~/.cloudflared ~/.cloudflare-warp ~/cloudflare-warp]
2026-09-14T08:51:39Z INF Version 2026.8.3 (Checksum 83e726ed18ea78c5ad5213c4c3a3a27051393950d2bc8ed4de69bec12d14eaae)
2026-09-14T08:51:39Z INF GOOS: windows, GOVersion: go1.26.4, GoArch: amd64
2026-09-14T08:51:39Z INF Settings: map[ha-connections:1 http-host-header:127.0.0.1:8080 p:http2 protocol:http2 url:http://127.0.0.1:8080]
2026-09-14T08:51:39Z INF cloudflared will not automatically update on Windows systems.
2026-09-14T08:51:39Z INF Generated Connector ID: ec054dd9-b927-4f62-9373-9cf549390030
2026-09-14T08:51:39Z INF Initial protocol http2
2026-09-14T08:51:39Z INF ICMP proxy will use 192.168.1.95 as source for IPv4
2026-09-14T08:51:39Z INF ICMP proxy will use fe80::d25a:1a02:f64a:368f in zone Ethernet as source for IPv6
2026-09-14T08:51:39Z INF cloudflared does not support loading the system root certificate pool on Windows. Please use --origin-ca-pool <PATH> to specify the path to the certificate pool
2026-09-14T08:51:39Z INF ICMP proxy will use 192.168.1.95 as source for IPv4
2026-09-14T08:51:39Z INF Tunnel connection curve preferences: [X25519MLKEM768 CurveID(65074) CurveP256] connIndex=0 event=0 ip=198.41.200.43
2026-09-14T08:51:39Z INF ICMP proxy will use fe80::d25a:1a02:f64a:368f in zone Ethernet as source for IPv6
2026-09-14T08:51:39Z INF Starting metrics server on 127.0.0.1:20241/metrics
2026-09-14T08:51:39Z INF +--------------------------------------------------------------------------------------+
2026-09-14T08:51:39Z INF |                               CONNECTIVITY PRE-CHECKS                                |
2026-09-14T08:51:39Z INF +--------------------------------------------------------------------------------------+
2026-09-14T08:51:39Z INF |  COMPONENT         TARGET                     STATUS  DETAILS                        |
2026-09-14T08:51:39Z INF |  DNS Resolution    region1.v2.argotunnel.com  PASS    DNS Resolved successfully      |
2026-09-14T08:51:39Z INF |  DNS Resolution    region2.v2.argotunnel.com  PASS    DNS Resolved successfully      |
2026-09-14T08:51:39Z INF |  UDP Connectivity  region1.v2.argotunnel.com  PASS    QUIC connection successful     |
2026-09-14T08:51:39Z INF |  UDP Connectivity  region2.v2.argotunnel.com  PASS    QUIC connection successful     |
2026-09-14T08:51:39Z INF |  TCP Connectivity  region1.v2.argotunnel.com  PASS    HTTP/2 connection successful   |
2026-09-14T08:51:39Z INF |  TCP Connectivity  region2.v2.argotunnel.com  PASS    HTTP/2 connection successful   |
2026-09-14T08:51:39Z INF |  Cloudflare API    api.cloudflare.com:443     PASS    API is reachable               |
2026-09-14T08:51:39Z INF |                                                                                      |
2026-09-14T08:51:39Z INF |  SUMMARY: Environment is healthy. cloudflared will use 'http2' as primary protocol.  |
2026-09-14T08:51:39Z INF +--------------------------------------------------------------------------------------+
2026-09-14T08:51:39Z INF precheck component="DNS Resolution" details="DNS Resolved successfully" run_id=f0641d1d-e70f-4278-bfde-8d81dda42490 status=pass target=region1.v2.argotunnel.com
2026-09-14T08:51:39Z INF precheck component="DNS Resolution" details="DNS Resolved successfully" run_id=f0641d1d-e70f-4278-bfde-8d81dda42490 status=pass target=region2.v2.argotunnel.com
2026-09-14T08:51:39Z INF precheck component="UDP Connectivity" details="QUIC connection successful" run_id=f0641d1d-e70f-4278-bfde-8d81dda42490 status=pass target=region1.v2.argotunnel.com
2026-09-14T08:51:39Z INF precheck component="UDP Connectivity" details="QUIC connection successful" run_id=f0641d1d-e70f-4278-bfde-8d81dda42490 status=pass target=region2.v2.argotunnel.com
2026-09-14T08:51:39Z INF precheck component="TCP Connectivity" details="HTTP/2 connection successful" run_id=f0641d1d-e70f-4278-bfde-8d81dda42490 status=pass target=region1.v2.argotunnel.com
2026-09-14T08:51:39Z INF precheck component="TCP Connectivity" details="HTTP/2 connection successful" run_id=f0641d1d-e70f-4278-bfde-8d81dda42490 status=pass target=region2.v2.argotunnel.com
2026-09-14T08:51:39Z INF precheck component="Cloudflare API" details="API is reachable" run_id=f0641d1d-e70f-4278-bfde-8d81dda42490 status=pass target=api.cloudflare.com:443
2026-09-14T08:51:39Z INF precheck complete hard_fail=false run_id=f0641d1d-e70f-4278-bfde-8d81dda42490 suggested_protocol=http2
2026-09-14T08:51:39Z INF Registered tunnel connection connIndex=0 connection=0a9aaf6c-839b-439f-8730-ddf0229630ab event=0 ip=198.41.200.43 location=del03 protocol=http2
